Staralfur,Untitled#8,Olsen Olsen
Staralfur
Untitled#8
Untitled#8
Staralfur,Untitled#8,Olsen Olsen
Jedi Wagner, assuma o comando!