RockawayBeach,BlitzKriegBop
BlitzKriegBop,RockawayBeach
BlitzKriegBop
BlitzKriegBop
BlitzKriegBop,RockawayBeach
Jedi Wagner, assuma o comando!