LoveOfMyLife,DontStopMeNow,RockIt,BohemianRhapsody
LoveOfMyLife
LoveOfMyLife,BohemianRhapsody,DontStopMeNow,RockIt
LoveOfMyLife,RockIt,BohemianRhapsody,DontStopMeNow
LoveOfMyLife,BohemianRhapsody,DontStopMeNow,RockIt
Jedi Wagner, assuma o comando!