[vazia]
MonstroInvisivel
Stab,MonstroInvisivel
Televisao,Stab,MonstroInvisivel
SambaMakossa,Televisao,Stab,MonstroInvisivel
SambaMakossa
Televisao
Stab
MonstroInvisivel
SambaMakossa
Jedi Wagner, assuma o comando!