Alucinacao
Alucinacao
Alucinacao
Jedi Wagner, assuma o comando!