Alucinacao
Alucinacao
Alucinacao,SujeitoDeSorte
SujeitoDeSorte
SujeitoDeSorte
SujeitoDeSorte
Jedi Wagner, assuma o comando!