Alucinacao,SujeitoDeSorte
Alucinacao
Alucinacao
SujeitoDeSorte
SujeitoDeSorte
SujeitoDeSorte
Alucinacao,SujeitoDeSorte
SujeitoDeSorte
Jedi Wagner, assuma o comando!