RockinRobin
RockinRobin
Jedi Wagner, assuma o comando!