MunRa,NoSleepTillBrooklyn,MalandroEhMalandro,YoungWildFree
MunRa,NoSleepTillBrooklyn,MalandroEhMalandro,YoungWildFree
NoSleepTillBrooklyn
NoSleepTillBrooklyn,MunRa,MalandroEhMalandro,YoungWildFree
Jedi Wagner, assuma o comando!